// Jest Snapshot v1, https://goo.gl/fbAQLP

exports[`Logo matches snapshot 1`] = `"<img src=\\"~/assets/images/pch-logo.png\\" class=\\"logo\\">"`;
